// Jest Snapshot v1, https://goo.gl/fbAQLP

exports[`should render Edit 1`] = `
<div>
  <h2>
    Edit
  </h2>
  <ExpenseForm
    expense={
      Object {
        "amount": 450,
        "createdAt": 3000,
        "description": "Food",
        "id": "123abe",
      }
    }
    onSubmit={[Function]}
  />
  <div>
    <button
      onClick={[Function]}
    >
      Remove This Expense
    </button>
  </div>
</div>
`;
